
Running 1 test using 1 worker

Testing Random Product: ID=56780, SKU=1535beigefabric
­ƒîÉ SEO Language Check:
ÔöÇÔöÇÔöÇÔöÇÔöÇÔöÇÔöÇÔöÇÔöÇÔöÇÔöÇÔöÇÔöÇÔöÇÔöÇÔöÇÔöÇÔöÇÔöÇÔöÇÔöÇÔöÇÔöÇÔöÇÔöÇÔöÇÔöÇÔöÇÔöÇ
­ƒôî H1 text        : "3-Sitzer-Sofa mit umwandelbarer R├╝ckenlehne und abgerundeten Armlehnen Oliver Strukturstoff Beige"
­ƒôî Page Title     : "3-Sitzer-Sofa mit umwandelbarer R├╝ckenlehne und abgerundeten Armlehnen Oliver Strukturstoff Beige"
­ƒîì H1 language    : de
­ƒîì Title language : de
ÔöÇÔöÇÔöÇÔöÇÔöÇÔöÇÔöÇÔöÇÔöÇÔöÇÔöÇÔöÇÔöÇÔöÇÔöÇÔöÇÔöÇÔöÇÔöÇÔöÇÔöÇÔöÇÔöÇÔöÇÔöÇÔöÇÔöÇÔöÇÔöÇ
Ô£à Language match: Both are in "de"
­ƒîÉ SEO Language Check:
ÔöÇÔöÇÔöÇÔöÇÔöÇÔöÇÔöÇÔöÇÔöÇÔöÇÔöÇÔöÇÔöÇÔöÇÔöÇÔöÇÔöÇÔöÇÔöÇÔöÇÔöÇÔöÇÔöÇÔöÇÔöÇÔöÇÔöÇÔöÇÔöÇ
­ƒôî H1 text            : "3-Sitzer-Sofa mit umwandelbarer R├╝ckenlehne und abgerundeten Armlehnen Oliver Strukturstoff Beige"
­ƒôî Page Title         : "3-Sitzer-Sofa mit umwandelbarer R├╝ckenlehne und abgerundeten Armlehnen Oliver Strukturstoff Beige"
­ƒôî Meta Description   : "Praktisches und elegantes Sofa aus weichem Stoff Farbe BEIGE Lassen Sie sich von dem abgerundeten Design und dem absoluten Komfort dieses 3-Sitzer-Schlafsofas OLIVER verf├╝hren. Mit seinen gro├ƒz├╝gigen Armlehnen und der bogenf├Ârmigen R&"
­ƒîì H1 language        : de
­ƒîì Title language     : de
­ƒîì Description lang   : de
ÔöÇÔöÇÔöÇÔöÇÔöÇÔöÇÔöÇÔöÇÔöÇÔöÇÔöÇÔöÇÔöÇÔöÇÔöÇÔöÇÔöÇÔöÇÔöÇÔöÇÔöÇÔöÇÔöÇÔöÇÔöÇÔöÇÔöÇÔöÇÔöÇ
Ô£à Language match: All are in "de"
  Ô£ô  1 [SEO_Tests] ÔÇ║ tests\SEO\Menzzo_de\SEO_Menzzo_DE.spec.ts:42:9 ÔÇ║ SEO check (random SKUs x1) ÔÇ║ DE_Random SKU test #1 (6.3s)

  1 passed (9.0m)
